[2025-08-14T06:33:12.479Z] [31MERROR[39M: Invalid access token, please log in
[2025-08-14T06:33:13.735Z] [31MERROR[39M: Invalid access token, please log in
[2025-08-14T06:33:26.343Z] [31MERROR[39M: Invalid access token, please log in
[2025-08-14T06:33:26.348Z] [31MERROR[39M: Invalid access token, please log in
[2025-08-14T06:33:26.359Z] [31MERROR[39M: Invalid access token, please log in
[2025-08-14T06:33:26.362Z] [31MERROR[39M: Invalid access token, please log in
[2025-08-14T06:33:26.365Z] [31MERROR[39M: Invalid access token, please log in
[2025-08-14T06:33:26.636Z] [31MERROR[39M: Refresh token not found
[2025-08-14T06:33:26.714Z] [31MERROR[39M: Refresh token not found
[2025-08-14T06:33:27.181Z] [31MERROR[39M: Refresh token not found
[2025-08-14T06:33:27.185Z] [31MERROR[39M: Refresh token not found
[2025-08-14T06:33:27.189Z] [31MERROR[39M: Refresh token not found
[2025-08-14T06:33:34.560Z] [31MERROR[39M: Invalid access token, please log in
[2025-08-14T06:33:34.908Z] [31MERROR[39M: Refresh token not found
[2025-08-14T06:33:41.491Z] [31MERROR[39M: Record not found
[2025-08-14T06:33:46.579Z] [31MERROR[39M: Invalid access token, please log in
[2025-08-14T06:33:46.904Z] [31MERROR[39M: Refresh token not found
[2025-08-15T06:04:56.603Z] [31MERROR[39M: Unauthorized, please log in
[2025-08-15T06:04:57.104Z] [31MERROR[39M: Refresh token not found
[2025-08-15T06:05:07.706Z] [31MERROR[39M: Unauthorized, please log in
[2025-08-15T06:05:07.753Z] [31MERROR[39M: Unauthorized, please log in
[2025-08-15T06:05:07.763Z] [31MERROR[39M: Unauthorized, please log in
[2025-08-15T06:05:07.774Z] [31MERROR[39M: Unauthorized, please log in
[2025-08-15T06:05:07.784Z] [31MERROR[39M: Unauthorized, please log in
[2025-08-15T06:05:07.892Z] [31MERROR[39M: Refresh token not found
[2025-08-15T06:05:07.925Z] [31MERROR[39M: Refresh token not found
[2025-08-15T06:05:08.680Z] [31MERROR[39M: Refresh token not found
[2025-08-15T06:05:08.693Z] [31MERROR[39M: Refresh token not found
[2025-08-15T06:05:08.702Z] [31MERROR[39M: Refresh token not found
[2025-08-15T06:05:10.343Z] [31MERROR[39M: Unauthorized, please log in
[2025-08-15T06:05:10.545Z] [31MERROR[39M: Refresh token not found
[2025-08-15T06:09:55.487Z] [31MERROR[39M: Unauthorized, please log in
[2025-08-15T06:09:55.776Z] [31MERROR[39M: Refresh token not found
[2025-08-15T06:14:51.783Z] [31MERROR[39M: Unauthorized, please log in
[2025-08-15T06:14:52.121Z] [31MERROR[39M: Refresh token not found
[2025-08-15T06:14:53.729Z] [31MERROR[39M: Unauthorized, please log in
[2025-08-15T06:14:54.414Z] [31MERROR[39M: Refresh token not found
[2025-08-15T06:15:29.146Z] [31MERROR[39M: Unauthorized, please log in
[2025-08-15T06:15:29.382Z] [31MERROR[39M: Refresh token not found
[2025-08-15T06:17:04.787Z] [31MERROR[39M: Unauthorized, please log in
[2025-08-15T06:17:05.023Z] [31MERROR[39M: Refresh token not found
[2025-08-15T06:40:30.701Z] [31MERROR[39M: Invalid access token, please log in
[2025-08-15T06:40:31.641Z] [31MERROR[39M: Invalid access token, please log in
[2025-08-15T06:40:37.723Z] [31MERROR[39M: Invalid access token, please log in
[2025-08-15T06:40:38.381Z] [31MERROR[39M: Invalid access token, please log in
[2025-08-15T06:41:48.446Z] [31MERROR[39M: Variant not found
[2025-08-15T06:49:02.840Z] [31MERROR[39M: Invalid access token, please log in
[2025-08-15T06:49:05.773Z] [31MERROR[39M: Invalid access token, please log in
[2025-08-15T06:49:06.010Z] [31MERROR[39M: Refresh token not found
[2025-08-15T06:49:07.127Z] [31MERROR[39M: Invalid access token, please log in
[2025-08-15T06:49:07.367Z] [31MERROR[39M: Refresh token not found
[2025-08-15T07:03:38.408Z] [31MERROR[39M: Unauthorized, please log in
[2025-08-15T07:03:40.931Z] [31MERROR[39M: Refresh token not found
[2025-08-15T07:03:42.690Z] [31MERROR[39M: Unauthorized, please log in
[2025-08-15T07:03:42.816Z] [31MERROR[39M: Refresh token not found
[2025-08-15T07:03:51.410Z] [31MERROR[39M: Unauthorized, please log in
[2025-08-15T07:03:51.571Z] [31MERROR[39M: Refresh token not found
[2025-08-15T07:13:00.089Z] [31MERROR[39M: Unauthorized, please log in
[2025-08-15T07:13:01.103Z] [31MERROR[39M: Refresh token not found
[2025-08-15T07:13:05.430Z] [31MERROR[39M: Unauthorized, please log in
[2025-08-15T07:13:05.738Z] [31MERROR[39M: Refresh token not found
[2025-08-15T07:13:20.642Z] [31MERROR[39M: Cart is empty
[2025-08-15T07:38:04.531Z] [31MERROR[39M: Unauthorized, please log in
[2025-08-15T07:38:05.041Z] [31MERROR[39M: Refresh token not found
[2025-08-15T07:38:28.059Z] [31MERROR[39M: Unauthorized, please log in
[2025-08-15T07:38:28.365Z] [31MERROR[39M: Refresh token not found
[2025-08-15T07:53:01.565Z] [31MERROR[39M: Unauthorized, please log in
[2025-08-15T07:53:02.287Z] [31MERROR[39M: Refresh token not found
[2025-08-15T07:53:11.255Z] [31MERROR[39M: Unauthorized, please log in
[2025-08-15T07:53:11.531Z] [31MERROR[39M: Refresh token not found
[2025-08-15T08:10:51.031Z] [31MERROR[39M: Invalid access token, please log in
[2025-08-15T08:10:53.640Z] [31MERROR[39M: Invalid access token, please log in
[2025-08-15T08:11:23.337Z] [31MERROR[39M: Invalid access token, please log in
[2025-08-15T08:11:24.215Z] [31MERROR[39M: Invalid access token, please log in
[2025-08-15T08:19:02.612Z] [31MERROR[39M: Unauthorized, please log in
[2025-08-15T08:19:03.292Z] [31MERROR[39M: Refresh token not found
[2025-08-15T08:51:08.887Z] [31MERROR[39M: Invalid access token, please log in
[2025-08-15T08:51:10.375Z] [31MERROR[39M: Invalid access token, please log in
[2025-08-15T09:14:39.794Z] [31MERROR[39M: Invalid access token, please log in
[2025-08-15T09:14:40.738Z] [31MERROR[39M: Invalid access token, please log in
[2025-08-15T09:28:10.645Z] [31MERROR[39M: Invalid access token, please log in
[2025-08-15T09:28:11.725Z] [31MERROR[39M: User not found
[2025-08-15T10:08:13.403Z] [31MERROR[39M: Invalid access token, please log in
[2025-08-15T10:08:14.041Z] [31MERROR[39M: User not found
[2025-08-15T10:08:26.623Z] [31MERROR[39M: Invalid access token, please log in
[2025-08-15T10:08:27.439Z] [31MERROR[39M: User not found
[2025-08-15T10:26:32.505Z] [31MERROR[39M: Unauthorized, please log in
[2025-08-15T10:26:32.933Z] [31MERROR[39M: Refresh token not found
[2025-08-15T10:26:48.983Z] [31MERROR[39M: Unauthorized, please log in
[2025-08-15T10:26:49.292Z] [31MERROR[39M: Refresh token not found
[2025-08-15T10:27:02.393Z] [31MERROR[39M: Unauthorized, please log in
[2025-08-15T10:27:02.785Z] [31MERROR[39M: Refresh token not found
[2025-08-15T10:27:24.696Z] [31MERROR[39M: Unauthorized, please log in
[2025-08-15T10:27:25.604Z] [31MERROR[39M: Refresh token not found
[2025-08-15T10:27:26.137Z] [31MERROR[39M: Unauthorized, please log in
[2025-08-15T10:27:26.434Z] [31MERROR[39M: Refresh token not found
[2025-08-15T10:33:22.418Z] [31MERROR[39M: Unauthorized, please log in
[2025-08-15T10:33:22.849Z] [31MERROR[39M: Refresh token not found
[2025-08-15T10:33:33.663Z] [31MERROR[39M: Unauthorized, please log in
[2025-08-15T10:33:33.982Z] [31MERROR[39M: Refresh token not found
[2025-08-15T10:39:12.677Z] [31MERROR[39M: User no longer exists.
[2025-08-15T10:39:12.684Z] [31MERROR[39M: User no longer exists.
[2025-08-15T10:39:12.700Z] [31MERROR[39M: User no longer exists.
[2025-08-15T10:39:12.847Z] [31MERROR[39M: User no longer exists.
[2025-08-15T10:39:13.373Z] [31MERROR[39M: User not found
[2025-08-15T10:39:13.390Z] [31MERROR[39M: User not found
[2025-08-15T10:39:13.424Z] [31MERROR[39M: User not found
[2025-08-15T10:39:13.437Z] [31MERROR[39M: User not found
[2025-08-15T10:39:56.006Z] [31MERROR[39M: User no longer exists.
[2025-08-15T10:39:56.523Z] [31MERROR[39M: User not found
[2025-08-15T10:40:02.247Z] [31MERROR[39M: User no longer exists.
[2025-08-15T10:40:02.774Z] [31MERROR[39M: User not found
[2025-08-15T10:50:18.413Z] [31MERROR[39M: Invalid access token, please log in
[2025-08-15T10:50:19.097Z] [31MERROR[39M: User not found
[2025-08-15T10:50:23.653Z] [31MERROR[39M: Invalid access token, please log in
[2025-08-15T10:50:24.228Z] [31MERROR[39M: User not found
[2025-08-15T10:50:42.165Z] [31MERROR[39M: Invalid access token, please log in
[2025-08-15T10:50:42.554Z] [31MERROR[39M: User not found
[2025-08-15T10:53:56.355Z] [31MERROR[39M: Invalid access token, please log in
[2025-08-15T10:53:56.791Z] [31MERROR[39M: User not found
[2025-08-15T10:55:47.906Z] [31MERROR[39M: Invalid access token, please log in
[2025-08-15T10:55:48.893Z] [31MERROR[39M: User not found
[2025-08-15T10:55:49.309Z] [31MERROR[39M: Duplicate field value entered
[2025-08-15T10:56:06.673Z] [31MERROR[39M: Invalid access token, please log in
[2025-08-15T10:56:07.168Z] [31MERROR[39M: User not found
[2025-08-15T10:56:31.911Z] [31MERROR[39M: Cart is empty
[2025-08-15T11:08:50.719Z] [31MERROR[39M: Unauthorized, please log in
[2025-08-15T11:08:52.659Z] [31MERROR[39M: Refresh token not found
[2025-08-15T13:43:47.130Z] [31MERROR[39M: Unauthorized, please log in
[2025-08-15T13:43:47.614Z] [31MERROR[39M: Refresh token not found
[2025-08-15T15:38:05.408Z] [31MERROR[39M: Unauthorized, please log in
[2025-08-15T15:38:05.823Z] [31MERROR[39M: Refresh token not found
[2025-08-15T16:10:01.140Z] [31MERROR[39M: Unauthorized, please log in
[2025-08-15T16:10:02.961Z] [31MERROR[39M: Refresh token not found
[2025-08-15T16:15:17.654Z] [31MERROR[39M: Unauthorized, please log in
[2025-08-15T16:15:18.902Z] [31MERROR[39M: Unauthorized, please log in
[2025-08-15T16:15:19.272Z] [31MERROR[39M: Refresh token not found
[2025-08-15T16:15:25.602Z] [31MERROR[39M: Unauthorized, please log in
[2025-08-15T16:15:26.222Z] [31MERROR[39M: Refresh token not found
[2025-08-15T16:15:28.291Z] [31MERROR[39M: Unauthorized, please log in
[2025-08-15T16:15:28.537Z] [31MERROR[39M: Refresh token not found
[2025-08-15T16:15:36.768Z] [31MERROR[39M: Unauthorized, please log in
[2025-08-15T16:15:37.239Z] [31MERROR[39M: Refresh token not found
[2025-08-15T16:15:38.276Z] [31MERROR[39M: Unauthorized, please log in
[2025-08-15T16:15:38.502Z] [31MERROR[39M: Refresh token not found
[2025-08-15T16:15:44.916Z] [31MERROR[39M: Unauthorized, please log in
[2025-08-15T16:15:45.186Z] [31MERROR[39M: Refresh token not found
[2025-08-15T16:15:46.160Z] [31MERROR[39M: Unauthorized, please log in
[2025-08-15T16:15:46.558Z] [31MERROR[39M: Refresh token not found
[2025-08-15T16:23:14.077Z] [31MERROR[39M: Unauthorized, please log in
[2025-08-15T16:23:14.781Z] [31MERROR[39M: Refresh token not found
[2025-08-15T16:25:26.355Z] [31MERROR[39M: Unauthorized, please log in
[2025-08-15T16:25:26.673Z] [31MERROR[39M: Refresh token not found
[2025-08-15T16:25:36.803Z] [31MERROR[39M: Unauthorized, please log in
[2025-08-15T16:25:37.016Z] [31MERROR[39M: Refresh token not found
[2025-08-15T16:25:38.859Z] [31MERROR[39M: Unauthorized, please log in
[2025-08-15T16:25:39.087Z] [31MERROR[39M: Refresh token not found
[2025-08-15T16:30:11.278Z] [31MERROR[39M: Unauthorized, please log in
[2025-08-15T16:30:11.627Z] [31MERROR[39M: Refresh token not found
[2025-08-15T16:30:24.462Z] [31MERROR[39M: Unauthorized, please log in
[2025-08-15T16:30:24.677Z] [31MERROR[39M: Refresh token not found
[2025-08-15T16:30:32.868Z] [31MERROR[39M: Unauthorized, please log in
[2025-08-15T16:30:33.097Z] [31MERROR[39M: Refresh token not found
[2025-08-15T16:34:27.359Z] [31MERROR[39M: Unauthorized, please log in
[2025-08-15T16:34:27.765Z] [31MERROR[39M: Refresh token not found
[2025-08-15T16:34:37.229Z] [31MERROR[39M: Unauthorized, please log in
[2025-08-15T16:34:37.588Z] [31MERROR[39M: Refresh token not found
[2025-08-15T16:34:44.940Z] [31MERROR[39M: Unauthorized, please log in
[2025-08-15T16:34:45.230Z] [31MERROR[39M: Refresh token not found
[2025-08-15T16:50:04.556Z] [31MERROR[39M: Invalid access token, please log in
[2025-08-15T16:50:04.561Z] [31MERROR[39M: Invalid access token, please log in
[2025-08-15T16:50:04.617Z] [31MERROR[39M: Invalid access token, please log in
[2025-08-15T16:50:04.620Z] [31MERROR[39M: Invalid access token, please log in
[2025-08-15T16:50:04.624Z] [31MERROR[39M: Invalid access token, please log in
[2025-08-15T16:50:05.076Z] [31MERROR[39M: Invalid access token, please log in
[2025-08-15T16:50:05.079Z] [31MERROR[39M: Invalid access token, please log in
[2025-08-15T16:50:05.342Z] [31MERROR[39M: Invalid access token, please log in
[2025-08-15T16:50:05.410Z] [31MERROR[39M: Invalid access token, please log in
[2025-08-15T16:50:05.530Z] [31MERROR[39M: Invalid access token, please log in
[2025-08-15T16:50:05.898Z] [31MERROR[39M: Refresh token not found
[2025-08-15T16:50:06.052Z] [31MERROR[39M: Refresh token not found
[2025-08-15T16:50:06.160Z] [31MERROR[39M: Invalid access token, please log in
[2025-08-15T16:50:06.255Z] [31MERROR[39M: Invalid access token, please log in
[2025-08-15T16:50:06.260Z] [31MERROR[39M: Refresh token not found
[2025-08-15T16:50:06.262Z] [31MERROR[39M: Refresh token not found
[2025-08-15T16:50:06.263Z] [31MERROR[39M: Refresh token not found
[2025-08-15T16:50:06.366Z] [31MERROR[39M: Invalid access token, please log in
[2025-08-15T16:50:06.455Z] [31MERROR[39M: Invalid access token, please log in
[2025-08-15T16:50:06.542Z] [31MERROR[39M: Invalid access token, please log in
[2025-08-15T16:50:10.747Z] [31MERROR[39M: Invalid access token, please log in
[2025-08-15T16:50:11.471Z] [31MERROR[39M: Invalid access token, please log in
[2026-03-25T17:40:45.331Z] [31MERROR[39M: Unauthorized, please log in
[2026-03-25T17:40:45.424Z] [31MERROR[39M: Refresh token not found
[2026-03-25T18:30:26.006Z] [31MERROR[39M: Unauthorized, please log in
[2026-03-25T18:30:26.118Z] [31MERROR[39M: Refresh token not found
[2026-03-25T20:49:45.792Z] [31MERROR[39M: Unauthorized, please log in
[2026-03-25T20:49:45.933Z] [31MERROR[39M: Refresh token not found
[2026-03-25T20:49:51.321Z] [31MERROR[39M: Unauthorized, please log in
[2026-03-25T20:49:51.379Z] [31MERROR[39M: Refresh token not found
[2026-03-25T20:52:15.161Z] [31MERROR[39M: Unauthorized, please log in
[2026-03-25T20:52:15.205Z] [31MERROR[39M: Refresh token not found
[2026-03-25T21:02:49.217Z] [31MERROR[39M: At least one variant is required
[2026-03-25T21:16:07.501Z] [31MERROR[39M: Invalid access token, please log in
[2026-03-25T21:16:07.651Z] [31MERROR[39M: Invalid access token, please log in
[2026-03-25T21:42:43.128Z] [31MERROR[39M: Invalid access token, please log in
[2026-03-25T21:42:43.287Z] [31MERROR[39M: Invalid access token, please log in
[2026-03-25T21:45:30.363Z] [31MERROR[39M: Invalid access token, please log in
[2026-03-25T21:45:30.465Z] [31MERROR[39M: Invalid access token, please log in
[2026-03-25T21:45:47.303Z] [31MERROR[39M: Invalid access token, please log in
[2026-03-25T21:45:47.363Z] [31MERROR[39M: Invalid access token, please log in
[2026-03-28T18:24:00.135Z] [31MERROR[39M: Reached the max retries per request limit (which is 20). Refer to "maxRetriesPerRequest" option for details.
[2026-03-28T19:22:17.666Z] [31MERROR[39M: Invalid access token, please log in
[2026-03-28T19:22:17.894Z] [31MERROR[39M: Invalid access token, please log in
[2026-03-28T19:22:49.861Z] [31MERROR[39M: Invalid access token, please log in
[2026-03-28T19:22:50.000Z] [31MERROR[39M: Invalid access token, please log in
[2026-03-28T19:24:29.518Z] [31MERROR[39M: Invalid access token, please log in
[2026-03-28T19:24:29.668Z] [31MERROR[39M: Invalid access token, please log in
[2026-03-28T19:24:29.711Z] [31MERROR[39M: Invalid access token, please log in
[2026-03-28T19:24:29.807Z] [31MERROR[39M: Invalid access token, please log in
[2026-03-28T19:26:16.119Z] [31MERROR[39M: Invalid access token, please log in
[2026-03-28T19:26:16.277Z] [31MERROR[39M: Invalid access token, please log in
[2026-03-28T20:20:27.012Z] [31MERROR[39M: Invalid access token, please log in
[2026-03-28T20:20:27.149Z] [31MERROR[39M: Invalid access token, please log in
[2026-03-28T20:20:44.332Z] [31MERROR[39M: Invalid access token, please log in
[2026-03-28T20:20:44.450Z] [31MERROR[39M: Invalid access token, please log in
[2026-03-28T20:20:55.528Z] [31MERROR[39M: Invalid access token, please log in
[2026-03-28T20:20:55.806Z] [31MERROR[39M: Invalid access token, please log in
[2026-03-28T20:50:33.037Z] [31MERROR[39M: Invalid access token, please log in
[2026-03-29T14:32:25.698Z] [31MERROR[39M: Invalid access token, please log in
[2026-03-29T14:36:40.065Z] [31MERROR[39M: Unauthorized, please log in
[2026-03-29T14:36:40.130Z] [31MERROR[39M: Refresh token not found
[2026-03-29T14:51:20.575Z] [31MERROR[39M: Unauthorized, please log in
[2026-03-29T14:51:20.780Z] [31MERROR[39M: Refresh token not found
[2026-03-29T15:39:11.968Z] [31MERROR[39M: Invalid access token, please log in
[2026-03-29T15:39:53.538Z] [31MERROR[39M: Failed to upload images to Cloudinary
[2026-03-29T15:47:15.781Z] [31MERROR[39M: Unauthorized, please log in
[2026-03-29T15:47:15.979Z] [31MERROR[39M: Refresh token not found
[2026-03-29T15:48:31.091Z] [31MERROR[39M: Unauthorized, please log in
[2026-03-29T15:48:31.198Z] [31MERROR[39M: Refresh token not found
[2026-03-29T15:48:49.266Z] [31MERROR[39M: Unauthorized, please log in
[2026-03-29T15:48:49.375Z] [31MERROR[39M: Refresh token not found
[2026-03-29T15:50:06.915Z] [31MERROR[39M: Unauthorized, please log in
[2026-03-29T15:50:07.007Z] [31MERROR[39M: Refresh token not found
[2026-03-29T15:50:52.238Z] [31MERROR[39M: Unauthorized, please log in
[2026-03-29T15:50:52.327Z] [31MERROR[39M: Refresh token not found
[2026-03-29T15:50:57.575Z] [31MERROR[39M: Unauthorized, please log in
[2026-03-29T15:50:57.631Z] [31MERROR[39M: Refresh token not found
[2026-03-29T15:55:15.845Z] [31MERROR[39M: Unauthorized, please log in
[2026-03-29T15:55:15.988Z] [31MERROR[39M: Refresh token not found
[2026-03-29T15:56:38.785Z] [31MERROR[39M: Invalid access token, please log in
[2026-03-29T15:56:38.834Z] [31MERROR[39M: Invalid access token, please log in
[2026-03-29T15:56:38.841Z] [31MERROR[39M: Invalid access token, please log in
[2026-03-29T15:56:38.844Z] [31MERROR[39M: Invalid access token, please log in
[2026-03-29T15:56:38.848Z] [31MERROR[39M: Invalid access token, please log in
[2026-03-29T15:56:38.856Z] [31MERROR[39M: Invalid access token, please log in
[2026-03-29T15:56:38.891Z] [31MERROR[39M: Invalid access token, please log in
[2026-03-29T15:56:38.930Z] [31MERROR[39M: Invalid access token, please log in
[2026-03-29T15:56:38.935Z] [31MERROR[39M: Invalid access token, please log in
[2026-03-29T15:56:38.940Z] [31MERROR[39M: Invalid access token, please log in
[2026-03-29T15:56:38.945Z] [31MERROR[39M: Invalid access token, please log in
[2026-03-29T15:56:38.960Z] [31MERROR[39M: Invalid access token, please log in
[2026-03-30T17:31:14.053Z] [31MERROR[39M: Unauthorized, please log in
[2026-03-30T17:31:14.903Z] [31MERROR[39M: Refresh token not found
[2026-03-30T17:31:15.392Z] [31MERROR[39M: Unauthorized, please log in
[2026-03-30T17:31:15.497Z] [31MERROR[39M: Refresh token not found
[2026-03-30T17:31:34.683Z] [31MERROR[39M: Unauthorized, please log in
[2026-03-30T17:31:34.796Z] [31MERROR[39M: Refresh token not found
[2026-03-30T17:41:03.876Z] [31MERROR[39M: No orders found for this user
[2026-03-30T17:41:21.630Z] [31MERROR[39M: No orders found for this user
[2026-03-30T18:13:31.388Z] [31MERROR[39M: Unauthorized, please log in
[2026-03-30T18:13:31.553Z] [31MERROR[39M: Refresh token not found
[2026-03-30T18:25:00.582Z] [31MERROR[39M: Invalid access token, please log in
[2026-03-30T18:30:51.716Z] [31MERROR[39M: Invalid access token, please log in
[2026-03-30T18:34:32.479Z] [31MERROR[39M: Invalid API Key provided: sk_test_*ummy
[2026-03-30T18:37:28.401Z] [31MERROR[39M: Duplicate SKUs detected
[2026-03-30T18:40:13.205Z] [31MERROR[39M: Duplicate SKUs detected
[2026-03-30T18:40:42.748Z] [31MERROR[39M: Invalid access token, please log in
[2026-03-30T18:42:18.582Z] [31MERROR[39M: Duplicate field value entered
[2026-03-30T18:46:16.742Z] [31MERROR[39M: Invalid access token, please log in
[2026-03-30T18:46:22.525Z] [31MERROR[39M: Duplicate attribute combinations detected
[2026-03-30T19:34:13.566Z] [31MERROR[39M: Invalid access token, please log in
[2026-03-30T19:36:42.171Z] [31MERROR[39M: Invalid access token, please log in
[2026-03-30T19:36:42.198Z] [31MERROR[39M: Invalid access token, please log in
[2026-03-30T19:36:42.305Z] [31MERROR[39M: Invalid access token, please log in
[2026-03-30T19:36:42.311Z] [31MERROR[39M: Invalid access token, please log in
[2026-03-30T19:36:42.314Z] [31MERROR[39M: Invalid access token, please log in
[2026-03-30T19:36:42.320Z] [31MERROR[39M: Invalid access token, please log in
[2026-03-30T19:36:42.365Z] [31MERROR[39M: Invalid access token, please log in
[2026-03-30T19:36:42.371Z] [31MERROR[39M: Invalid access token, please log in
[2026-03-30T19:36:42.405Z] [31MERROR[39M: Invalid access token, please log in
[2026-03-30T19:36:42.417Z] [31MERROR[39M: Invalid access token, please log in
[2026-03-30T19:36:42.421Z] [31MERROR[39M: Invalid access token, please log in
[2026-03-30T19:36:42.440Z] [31MERROR[39M: Invalid access token, please log in
[2026-03-30T19:36:42.480Z] [31MERROR[39M: Invalid access token, please log in
[2026-03-30T19:36:42.519Z] [31MERROR[39M: Invalid access token, please log in
[2026-03-30T19:36:42.526Z] [31MERROR[39M: Invalid access token, please log in
[2026-03-30T19:36:42.533Z] [31MERROR[39M: Invalid access token, please log in
[2026-03-30T19:36:42.554Z] [31MERROR[39M: Invalid access token, please log in
[2026-03-30T19:39:04.329Z] [31MERROR[39M: Duplicate attributes in variant at index 0
[2026-03-30T19:39:23.683Z] [31MERROR[39M: Duplicate attributes in variant at index 0
[2026-03-30T19:39:56.815Z] [31MERROR[39M: Duplicate attributes in variant at index 0
[2026-03-30T20:20:47.337Z] [31MERROR[39M: Invalid access token, please log in
[2026-03-30T20:22:55.656Z] [31MERROR[39M: Invalid access token, please log in
[2026-03-30T20:46:32.861Z] [31MERROR[39M: Invalid access token, please log in
[2026-03-30T20:49:07.371Z] [31MERROR[39M: Duplicate SKUs detected: SGL-BLK-6
[2026-03-30T20:49:35.192Z] [31MERROR[39M: Invalid access token, please log in
[2026-03-30T22:34:56.801Z] [31MERROR[39M: Invalid access token, please log in
[2026-03-30T22:34:56.904Z] [31MERROR[39M: Invalid access token, please log in
[2026-03-30T22:36:11.198Z] [31MERROR[39M: Invalid access token, please log in
[2026-03-30T22:44:45.614Z] [31MERROR[39M: Only images are allowed
[2026-03-30T22:50:34.935Z] [31MERROR[39M: Invalid access token, please log in
[2026-03-30T22:51:50.926Z] [31MERROR[39M: Invalid access token, please log in
[2026-03-30T23:05:27.095Z] [31MERROR[39M: Prisma error: 
Invalid `prisma.categoryAttribute.create()` invocation in
D:\New folder\ss-ecommerce\src\server\src\modules\attribute\attribute.repository.ts:22:37

  19   attributeId: string;
  20   isRequired: boolean;
  21 }) {
→ 22   return prisma.categoryAttribute.create(
Foreign key constraint violated on the constraint: `CategoryAttribute_categoryId_fkey`
[2026-03-30T23:05:39.924Z] [31MERROR[39M: Prisma error: 
Invalid `prisma.categoryAttribute.create()` invocation in
D:\New folder\ss-ecommerce\src\server\src\modules\attribute\attribute.repository.ts:22:37

  19   attributeId: string;
  20   isRequired: boolean;
  21 }) {
→ 22   return prisma.categoryAttribute.create(
Foreign key constraint violated on the constraint: `CategoryAttribute_categoryId_fkey`
[2026-03-30T23:06:02.829Z] [31MERROR[39M: Prisma error: 
Invalid `prisma.categoryAttribute.create()` invocation in
D:\New folder\ss-ecommerce\src\server\src\modules\attribute\attribute.repository.ts:22:37

  19   attributeId: string;
  20   isRequired: boolean;
  21 }) {
→ 22   return prisma.categoryAttribute.create(
Foreign key constraint violated on the constraint: `CategoryAttribute_categoryId_fkey`
[2026-03-30T23:07:15.136Z] [31MERROR[39M: Prisma error: 
Invalid `prisma.categoryAttribute.create()` invocation in
D:\New folder\ss-ecommerce\src\server\src\modules\attribute\attribute.repository.ts:22:37

  19   attributeId: string;
  20   isRequired: boolean;
  21 }) {
→ 22   return prisma.categoryAttribute.create(
Foreign key constraint violated on the constraint: `CategoryAttribute_categoryId_fkey`
[2026-03-30T23:07:29.540Z] [31MERROR[39M: Prisma error: 
Invalid `prisma.categoryAttribute.create()` invocation in
D:\New folder\ss-ecommerce\src\server\src\modules\attribute\attribute.repository.ts:22:37

  19   attributeId: string;
  20   isRequired: boolean;
  21 }) {
→ 22   return prisma.categoryAttribute.create(
Foreign key constraint violated on the constraint: `CategoryAttribute_categoryId_fkey`
[2026-03-30T23:07:33.932Z] [31MERROR[39M: Invalid access token, please log in
[2026-03-30T23:16:02.663Z] [31MERROR[39M: Invalid access token, please log in
[2026-03-30T23:24:18.743Z] [31MERROR[39M: Invalid access token, please log in
[2026-03-30T23:30:37.612Z] [31MERROR[39M: Only images are allowed
[2026-03-30T23:34:29.824Z] [31MERROR[39M: Invalid access token, please log in
[2026-03-30T23:39:48.698Z] [31MERROR[39M: Invalid access token, please log in
[2026-03-30T23:50:13.224Z] [31MERROR[39M: Invalid access token, please log in
[2026-03-30T23:53:18.924Z] [31MERROR[39M: Duplicate field value entered
[2026-03-30T23:53:53.400Z] [31MERROR[39M: Duplicate field value entered
[2026-03-30T23:54:50.048Z] [31MERROR[39M: Invalid access token, please log in
[2026-03-31T09:24:29.838Z] [31MERROR[39M: Invalid access token, please log in
[2026-03-31T09:48:36.699Z] [31MERROR[39M: Unauthorized, please log in
[2026-03-31T09:48:36.961Z] [31MERROR[39M: Refresh token not found
[2026-03-31T11:13:57.868Z] [31MERROR[39M: Invalid access token, please log in
[2026-03-31T11:14:02.160Z] [31MERROR[39M: Invalid input. Please check your request data.
[2026-03-31T11:14:23.792Z] [31MERROR[39M: Invalid input. Please check your request data.
[2026-03-31T11:14:57.704Z] [31MERROR[39M: Failed to upload images to Cloudinary
[2026-03-31T11:18:57.932Z] [31MERROR[39M: Invalid access token, please log in
[2026-03-31T11:20:02.453Z] [31MERROR[39M: Invalid attributes format at index 0
[2026-03-31T11:20:26.460Z] [31MERROR[39M: Invalid attributes format at index 0
[2026-03-31T11:20:44.271Z] [31MERROR[39M: Invalid attributes format at index 0
[2026-03-31T11:22:40.302Z] [31MERROR[39M: Invalid API Key provided: sk_test_*ummy
[2026-03-31T11:38:23.932Z] [31MERROR[39M: Unauthorized, please log in
[2026-03-31T11:38:24.017Z] [31MERROR[39M: Refresh token not found
[2026-03-31T11:38:45.390Z] [31MERROR[39M: Unauthorized, please log in
[2026-03-31T11:38:45.488Z] [31MERROR[39M: Refresh token not found
[2026-03-31T11:39:04.524Z] [31MERROR[39M: Unauthorized, please log in
[2026-03-31T11:39:04.623Z] [31MERROR[39M: Refresh token not found
[2026-03-31T11:39:31.860Z] [31MERROR[39M: This email is already registered, please log in instead.
[2026-03-31T11:39:48.796Z] [31MERROR[39M: Unauthorized, please log in
[2026-03-31T11:39:48.856Z] [31MERROR[39M: Refresh token not found
[2026-03-31T12:00:34.806Z] [31MERROR[39M: Unauthorized, please log in
[2026-03-31T12:00:35.264Z] [31MERROR[39M: Refresh token not found
[2026-03-31T12:00:53.043Z] [31MERROR[39M: Unauthorized, please log in
[2026-03-31T12:00:53.112Z] [31MERROR[39M: Refresh token not found
[2026-03-31T12:00:57.224Z] [31MERROR[39M: Unauthorized, please log in
[2026-03-31T12:00:57.298Z] [31MERROR[39M: Refresh token not found
[2026-03-31T12:01:10.462Z] [31MERROR[39M: Unauthorized, please log in
[2026-03-31T12:01:10.542Z] [31MERROR[39M: Refresh token not found
[2026-03-31T12:01:59.533Z] [31MERROR[39M: Validation errors:
[2026-03-31T12:01:59.535Z] [31MERROR[39M: Validation failed
[2026-03-31T12:02:02.618Z] [31MERROR[39M: Validation errors:
[2026-03-31T12:02:02.620Z] [31MERROR[39M: Validation failed
[2026-03-31T12:02:05.068Z] [31MERROR[39M: Validation errors:
[2026-03-31T12:02:05.069Z] [31MERROR[39M: Validation failed
[2026-03-31T12:12:21.077Z] [31MERROR[39M: Unauthorized, please log in
[2026-03-31T12:12:21.218Z] [31MERROR[39M: Refresh token not found
[2026-03-31T12:13:51.531Z] [31MERROR[39M: This email is already registered, please log in instead.
[2026-04-04T13:21:23.343Z] [31MERROR[39M: Unauthorized, please log in
[2026-04-04T13:21:24.852Z] [31MERROR[39M: Refresh token not found
[2026-04-04T13:40:15.016Z] [31MERROR[39M: Unauthorized, please log in
[2026-04-04T13:40:15.232Z] [31MERROR[39M: Refresh token not found
[2026-04-04T13:41:22.713Z] [31MERROR[39M: Unauthorized, please log in
[2026-04-04T13:41:22.791Z] [31MERROR[39M: Refresh token not found
[2026-04-13T15:57:01.998Z] [31MERROR[39M: Unauthorized, please log in
[2026-04-13T15:57:03.010Z] [31MERROR[39M: Refresh token not found
[2026-04-13T16:11:07.622Z] [31MERROR[39M: Unauthorized, please log in
[2026-04-13T16:11:07.807Z] [31MERROR[39M: Refresh token not found
[2026-04-13T16:12:39.132Z] [31MERROR[39M: Unauthorized, please log in
[2026-04-13T16:12:39.214Z] [31MERROR[39M: Refresh token not found
[2026-04-13T16:14:49.120Z] [31MERROR[39M: Unauthorized, please log in
[2026-04-13T16:14:49.198Z] [31MERROR[39M: Refresh token not found
[2026-04-13T16:15:10.151Z] [31MERROR[39M: Unauthorized, please log in
[2026-04-13T16:15:10.370Z] [31MERROR[39M: Refresh token not found
[2026-04-13T16:54:20.577Z] [31MERROR[39M: Invalid access token, please log in
[2026-04-13T17:21:56.231Z] [31MERROR[39M: Invalid access token, please log in
[2026-04-13T22:09:25.999Z] [31MERROR[39M: Invalid access token, please log in
[2026-04-13T23:23:17.725Z] [31MERROR[39M: Invalid access token, please log in
[2026-04-14T11:40:45.385Z] [31MERROR[39M: Invalid access token, please log in
[2026-04-14T11:40:45.533Z] [31MERROR[39M: Failed to upload images to Cloudinary
[2026-04-20T20:33:26.539Z] [31MERROR[39M: Unauthorized, please log in
[2026-04-20T20:33:27.874Z] [31MERROR[39M: Refresh token not found
[2026-04-20T20:57:02.236Z] [31MERROR[39M: Invalid access token, please log in
[2026-04-20T20:57:02.288Z] [31MERROR[39M: Invalid access token, please log in
[2026-04-20T20:57:02.292Z] [31MERROR[39M: Invalid access token, please log in
[2026-04-20T20:57:02.300Z] [31MERROR[39M: Invalid access token, please log in
[2026-04-20T20:57:02.308Z] [31MERROR[39M: Invalid access token, please log in
[2026-04-20T20:57:02.334Z] [31MERROR[39M: Invalid access token, please log in
[2026-04-20T20:57:02.357Z] [31MERROR[39M: Invalid access token, please log in
[2026-04-20T20:57:02.369Z] [31MERROR[39M: Invalid access token, please log in
[2026-04-20T20:57:02.393Z] [31MERROR[39M: Invalid access token, please log in
[2026-04-20T20:57:02.395Z] [31MERROR[39M: Invalid access token, please log in
[2026-04-20T20:57:02.406Z] [31MERROR[39M: Invalid access token, please log in
[2026-04-20T20:57:02.429Z] [31MERROR[39M: Invalid access token, please log in
[2026-04-20T20:57:02.433Z] [31MERROR[39M: Invalid access token, please log in
[2026-04-20T20:57:02.440Z] [31MERROR[39M: Invalid access token, please log in
[2026-04-20T20:57:02.454Z] [31MERROR[39M: Invalid access token, please log in
[2026-04-20T20:57:02.468Z] [31MERROR[39M: Invalid access token, please log in
[2026-04-20T20:57:02.495Z] [31MERROR[39M: Invalid access token, please log in
[2026-04-20T20:57:02.499Z] [31MERROR[39M: Invalid access token, please log in
[2026-04-20T20:57:02.520Z] [31MERROR[39M: Invalid access token, please log in
[2026-04-20T20:57:02.538Z] [31MERROR[39M: Invalid access token, please log in
[2026-04-20T20:57:02.555Z] [31MERROR[39M: Invalid access token, please log in
[2026-04-20T20:57:02.571Z] [31MERROR[39M: Invalid access token, please log in
[2026-04-20T20:57:02.573Z] [31MERROR[39M: Invalid access token, please log in
[2026-04-20T20:57:02.585Z] [31MERROR[39M: Invalid access token, please log in
[2026-04-20T20:57:02.595Z] [31MERROR[39M: Invalid access token, please log in
[2026-04-20T20:57:02.611Z] [31MERROR[39M: Invalid access token, please log in
[2026-04-20T20:57:02.625Z] [31MERROR[39M: Invalid access token, please log in
[2026-04-20T20:57:02.628Z] [31MERROR[39M: Invalid access token, please log in
[2026-04-20T20:57:02.642Z] [31MERROR[39M: Invalid access token, please log in
[2026-04-20T20:57:02.654Z] [31MERROR[39M: Invalid access token, please log in
[2026-04-20T20:57:02.669Z] [31MERROR[39M: Invalid access token, please log in
[2026-04-20T20:57:02.682Z] [31MERROR[39M: Invalid access token, please log in
[2026-04-20T20:57:02.686Z] [31MERROR[39M: Invalid access token, please log in
[2026-04-20T20:57:02.694Z] [31MERROR[39M: Invalid access token, please log in
[2026-04-20T20:57:02.707Z] [31MERROR[39M: Invalid access token, please log in
[2026-04-20T20:57:02.722Z] [31MERROR[39M: Invalid access token, please log in
[2026-04-20T20:57:02.739Z] [31MERROR[39M: Invalid access token, please log in
[2026-04-20T20:57:02.742Z] [31MERROR[39M: Invalid access token, please log in
[2026-04-20T20:57:02.761Z] [31MERROR[39M: Invalid access token, please log in
[2026-04-20T20:57:02.776Z] [31MERROR[39M: Invalid access token, please log in
[2026-04-20T20:57:02.797Z] [31MERROR[39M: Invalid access token, please log in
[2026-04-20T20:57:02.822Z] [31MERROR[39M: Invalid access token, please log in
[2026-04-20T20:57:02.825Z] [31MERROR[39M: Invalid access token, please log in
[2026-04-20T20:57:02.840Z] [31MERROR[39M: Invalid access token, please log in
[2026-04-20T20:57:02.854Z] [31MERROR[39M: Invalid access token, please log in
[2026-04-20T20:57:02.871Z] [31MERROR[39M: Invalid access token, please log in
[2026-04-20T20:57:02.891Z] [31MERROR[39M: Invalid access token, please log in
[2026-04-20T20:57:02.895Z] [31MERROR[39M: Invalid access token, please log in
[2026-04-20T20:57:02.911Z] [31MERROR[39M: Invalid access token, please log in
[2026-04-20T20:57:02.926Z] [31MERROR[39M: Invalid access token, please log in
[2026-04-20T20:57:02.947Z] [31MERROR[39M: Invalid access token, please log in
[2026-04-20T20:57:02.979Z] [31MERROR[39M: Invalid access token, please log in
[2026-04-20T20:57:02.986Z] [31MERROR[39M: Invalid access token, please log in
[2026-04-20T20:57:03.088Z] [31MERROR[39M: Invalid access token, please log in
[2026-04-20T20:57:03.163Z] [31MERROR[39M: Invalid access token, please log in
[2026-04-20T20:57:03.189Z] [31MERROR[39M: Invalid access token, please log in
[2026-04-20T21:13:21.778Z] [31MERROR[39M: Invalid access token, please log in
[2026-04-20T21:13:21.892Z] [31MERROR[39M: Invalid access token, please log in
[2026-04-20T21:13:21.902Z] [31MERROR[39M: Invalid access token, please log in
[2026-04-20T21:13:21.913Z] [31MERROR[39M: Invalid access token, please log in
[2026-04-20T21:13:21.930Z] [31MERROR[39M: Invalid access token, please log in
[2026-04-20T21:13:21.944Z] [31MERROR[39M: Invalid access token, please log in
[2026-04-20T21:13:22.023Z] [31MERROR[39M: Invalid access token, please log in
[2026-04-20T21:13:22.140Z] [31MERROR[39M: Invalid access token, please log in
[2026-04-20T21:13:22.145Z] [31MERROR[39M: Invalid access token, please log in
[2026-04-20T21:13:22.156Z] [31MERROR[39M: Invalid access token, please log in
[2026-04-20T21:13:22.163Z] [31MERROR[39M: Invalid access token, please log in
[2026-04-20T21:13:22.177Z] [31MERROR[39M: Invalid access token, please log in
[2026-04-20T21:13:22.269Z] [31MERROR[39M: Invalid access token, please log in
[2026-04-20T21:13:22.277Z] [31MERROR[39M: Invalid access token, please log in
[2026-04-20T21:13:22.281Z] [31MERROR[39M: Invalid access token, please log in
[2026-04-20T21:13:22.285Z] [31MERROR[39M: Invalid access token, please log in
[2026-04-20T21:13:22.294Z] [31MERROR[39M: Invalid access token, please log in
[2026-04-20T21:13:22.311Z] [31MERROR[39M: Invalid access token, please log in
[2026-04-20T21:13:22.389Z] [31MERROR[39M: Invalid access token, please log in
[2026-04-20T21:13:22.410Z] [31MERROR[39M: Invalid access token, please log in
[2026-04-20T21:13:22.416Z] [31MERROR[39M: Invalid access token, please log in
[2026-04-20T21:13:22.427Z] [31MERROR[39M: Invalid access token, please log in
[2026-04-20T21:13:22.462Z] [31MERROR[39M: Invalid access token, please log in
[2026-04-20T21:13:22.485Z] [31MERROR[39M: Invalid access token, please log in
[2026-04-20T21:13:22.548Z] [31MERROR[39M: Invalid access token, please log in
[2026-04-20T21:13:22.561Z] [31MERROR[39M: Invalid access token, please log in
[2026-04-20T21:13:22.568Z] [31MERROR[39M: Invalid access token, please log in
[2026-04-20T21:13:22.600Z] [31MERROR[39M: Invalid access token, please log in
[2026-04-20T21:13:22.619Z] [31MERROR[39M: Invalid access token, please log in
[2026-04-20T21:13:22.643Z] [31MERROR[39M: Invalid access token, please log in
[2026-04-20T21:13:22.667Z] [31MERROR[39M: Invalid access token, please log in
[2026-04-20T21:13:22.677Z] [31MERROR[39M: Invalid access token, please log in
[2026-04-20T21:13:22.707Z] [31MERROR[39M: Invalid access token, please log in
[2026-04-20T21:13:22.726Z] [31MERROR[39M: Invalid access token, please log in
[2026-04-20T21:13:22.745Z] [31MERROR[39M: Invalid access token, please log in
[2026-04-20T21:13:22.768Z] [31MERROR[39M: Invalid access token, please log in
[2026-04-20T21:13:22.775Z] [31MERROR[39M: Invalid access token, please log in
[2026-04-20T21:13:22.794Z] [31MERROR[39M: Invalid access token, please log in
[2026-04-20T21:13:22.817Z] [31MERROR[39M: Invalid access token, please log in
[2026-04-20T21:13:22.835Z] [31MERROR[39M: Invalid access token, please log in
[2026-04-20T21:13:22.864Z] [31MERROR[39M: Invalid access token, please log in
[2026-04-20T21:13:22.869Z] [31MERROR[39M: Invalid access token, please log in
[2026-04-20T21:13:22.892Z] [31MERROR[39M: Invalid access token, please log in
[2026-04-20T21:13:22.912Z] [31MERROR[39M: Invalid access token, please log in
[2026-04-20T21:13:22.928Z] [31MERROR[39M: Invalid access token, please log in
[2026-04-20T21:13:22.956Z] [31MERROR[39M: Invalid access token, please log in
[2026-04-20T21:13:22.961Z] [31MERROR[39M: Invalid access token, please log in
[2026-04-20T21:13:22.974Z] [31MERROR[39M: Invalid access token, please log in
[2026-04-20T21:13:22.991Z] [31MERROR[39M: Invalid access token, please log in
[2026-04-20T21:13:23.019Z] [31MERROR[39M: Invalid access token, please log in
[2026-04-20T21:13:23.051Z] [31MERROR[39M: Invalid access token, please log in
[2026-04-20T21:13:23.061Z] [31MERROR[39M: Invalid access token, please log in
[2026-04-20T21:13:23.081Z] [31MERROR[39M: Invalid access token, please log in
[2026-04-20T21:13:23.098Z] [31MERROR[39M: Invalid access token, please log in
[2026-04-20T21:13:23.126Z] [31MERROR[39M: Invalid access token, please log in
[2026-04-20T21:13:23.147Z] [31MERROR[39M: Invalid access token, please log in
[2026-04-20T21:39:51.348Z] [31MERROR[39M: Invalid access token, please log in
[2026-04-20T22:16:14.408Z] [31MERROR[39M: Invalid access token, please log in
[2026-04-20T22:22:27.958Z] [31MERROR[39M: No orders found for this user
[2026-04-20T22:40:09.304Z] [31MERROR[39M: Invalid access token, please log in
[2026-04-20T22:54:35.385Z] [31MERROR[39M: Invalid API Key provided: sk_test_*ummy
[2026-04-20T22:55:17.396Z] [31MERROR[39M: Invalid access token, please log in
[2026-04-20T22:55:17.616Z] [31MERROR[39M: Invalid API Key provided: sk_test_*ummy
[2026-04-20T22:56:34.796Z] [31MERROR[39M: Invalid API Key provided: sk_test_*ummy
[2026-04-20T23:00:30.279Z] [31MERROR[39M: Invalid API Key provided: sk_test_*ummy
[2026-04-20T23:00:40.062Z] [31MERROR[39M: Invalid API Key provided: sk_test_*ummy
[2026-04-20T23:13:40.404Z] [31MERROR[39M: Invalid access token, please log in
[2026-04-20T23:23:03.134Z] [31MERROR[39M: Invalid API Key provided: sk_test_*ummy
[2026-04-20T23:23:07.113Z] [31MERROR[39M: Invalid API Key provided: sk_test_*ummy
[2026-04-20T23:28:20.865Z] [31MERROR[39M: No orders found for this user
[2026-04-20T23:30:37.994Z] [31MERROR[39M: Invalid access token, please log in
[2026-04-20T23:30:38.339Z] [31MERROR[39M: No orders found for this user
[2026-04-20T23:48:50.968Z] [31MERROR[39M: Invalid access token, please log in
[2026-04-21T00:20:28.858Z] [31MERROR[39M: Invalid access token, please log in
[2026-04-21T00:23:11.836Z] [31MERROR[39M: Email or password is incorrect.
[2026-04-21T00:23:20.406Z] [31MERROR[39M: Email or password is incorrect.
[2026-04-21T00:23:24.913Z] [31MERROR[39M: Email or password is incorrect.
[2026-04-21T00:23:34.857Z] [31MERROR[39M: Unauthorized, please log in
[2026-04-21T00:23:34.941Z] [31MERROR[39M: Refresh token not found
[2026-04-21T11:28:27.391Z] [31MERROR[39M: You are not authorized to perform this action
[2026-04-21T11:28:33.647Z] [31MERROR[39M: You are not authorized to perform this action
[2026-04-21T11:42:21.037Z] [31MERROR[39M: Invalid access token, please log in
[2026-04-21T11:57:30.461Z] [31MERROR[39M: Invalid access token, please log in
[2026-04-21T11:57:30.546Z] [31MERROR[39M: Invalid access token, please log in
[2026-04-21T11:57:30.564Z] [31MERROR[39M: Invalid access token, please log in
[2026-04-21T11:57:30.584Z] [31MERROR[39M: Invalid access token, please log in
[2026-04-21T11:57:30.598Z] [31MERROR[39M: Invalid access token, please log in
[2026-04-21T11:57:30.615Z] [31MERROR[39M: Invalid access token, please log in
[2026-04-21T11:57:30.664Z] [31MERROR[39M: Invalid access token, please log in
[2026-04-21T11:57:30.673Z] [31MERROR[39M: Invalid access token, please log in
[2026-04-21T11:57:30.688Z] [31MERROR[39M: Invalid access token, please log in
[2026-04-21T11:57:30.727Z] [31MERROR[39M: Invalid access token, please log in
[2026-04-21T11:57:30.731Z] [31MERROR[39M: Invalid access token, please log in
[2026-04-21T11:57:30.736Z] [31MERROR[39M: Invalid access token, please log in
[2026-04-21T11:57:30.759Z] [31MERROR[39M: Invalid access token, please log in
[2026-04-21T11:57:30.761Z] [31MERROR[39M: Invalid access token, please log in
[2026-04-21T11:57:30.771Z] [31MERROR[39M: Invalid access token, please log in
[2026-04-21T11:57:30.793Z] [31MERROR[39M: Invalid access token, please log in
[2026-04-21T11:57:30.796Z] [31MERROR[39M: Invalid access token, please log in
[2026-04-21T11:57:30.814Z] [31MERROR[39M: Invalid access token, please log in
[2026-04-21T11:57:30.826Z] [31MERROR[39M: Invalid access token, please log in
[2026-04-21T11:57:30.851Z] [31MERROR[39M: Invalid access token, please log in
[2026-04-21T11:57:30.867Z] [31MERROR[39M: Invalid access token, please log in
[2026-04-21T11:57:30.886Z] [31MERROR[39M: Invalid access token, please log in
[2026-04-21T11:57:30.894Z] [31MERROR[39M: Invalid access token, please log in
[2026-04-21T11:57:30.903Z] [31MERROR[39M: Invalid access token, please log in
[2026-04-21T11:57:30.930Z] [31MERROR[39M: Invalid access token, please log in
[2026-04-21T11:57:30.950Z] [31MERROR[39M: Invalid access token, please log in
[2026-04-21T11:57:30.953Z] [31MERROR[39M: Invalid access token, please log in
[2026-04-21T11:57:30.974Z] [31MERROR[39M: Invalid access token, please log in
[2026-04-21T11:57:30.994Z] [31MERROR[39M: Invalid access token, please log in
[2026-04-21T11:57:31.022Z] [31MERROR[39M: Invalid access token, please log in
[2026-04-21T11:57:31.105Z] [31MERROR[39M: Invalid access token, please log in
[2026-04-21T11:57:31.110Z] [31MERROR[39M: Invalid access token, please log in
[2026-04-21T11:57:31.136Z] [31MERROR[39M: Invalid access token, please log in
[2026-04-21T11:57:31.160Z] [31MERROR[39M: Invalid access token, please log in
[2026-04-21T11:57:31.164Z] [31MERROR[39M: Invalid access token, please log in
[2026-04-21T11:57:31.176Z] [31MERROR[39M: Invalid access token, please log in
[2026-04-21T11:57:31.197Z] [31MERROR[39M: Invalid access token, please log in
[2026-04-21T11:57:31.216Z] [31MERROR[39M: Invalid access token, please log in
[2026-04-21T11:57:31.219Z] [31MERROR[39M: Invalid access token, please log in
[2026-04-21T11:57:31.225Z] [31MERROR[39M: Invalid access token, please log in
[2026-04-21T11:57:31.236Z] [31MERROR[39M: Invalid access token, please log in
[2026-04-21T11:57:31.249Z] [31MERROR[39M: Invalid access token, please log in
[2026-04-21T11:57:31.259Z] [31MERROR[39M: Invalid access token, please log in
[2026-04-21T11:57:31.274Z] [31MERROR[39M: Invalid access token, please log in
[2026-04-21T11:57:31.277Z] [31MERROR[39M: Invalid access token, please log in
[2026-04-21T11:57:31.285Z] [31MERROR[39M: Invalid access token, please log in
[2026-04-21T11:57:31.297Z] [31MERROR[39M: Invalid access token, please log in
[2026-04-21T11:57:31.309Z] [31MERROR[39M: Invalid access token, please log in
[2026-04-21T11:57:31.324Z] [31MERROR[39M: Invalid access token, please log in
[2026-04-21T11:57:31.327Z] [31MERROR[39M: Invalid access token, please log in
[2026-04-21T11:57:31.337Z] [31MERROR[39M: Invalid access token, please log in
[2026-04-21T11:57:31.350Z] [31MERROR[39M: Invalid access token, please log in
[2026-04-21T11:57:31.362Z] [31MERROR[39M: Invalid access token, please log in
[2026-04-21T11:57:31.376Z] [31MERROR[39M: Invalid access token, please log in
[2026-04-21T11:57:31.378Z] [31MERROR[39M: Invalid access token, please log in
[2026-04-21T11:57:31.388Z] [31MERROR[39M: Invalid access token, please log in
[2026-04-21T12:17:16.662Z] [31MERROR[39M: Invalid access token, please log in
[2026-04-21T12:17:16.712Z] [31MERROR[39M: Invalid access token, please log in
[2026-04-21T12:17:16.715Z] [31MERROR[39M: Invalid access token, please log in
[2026-04-21T12:17:16.720Z] [31MERROR[39M: Invalid access token, please log in
[2026-04-21T12:17:16.734Z] [31MERROR[39M: Invalid access token, please log in
[2026-04-21T12:17:16.742Z] [31MERROR[39M: Invalid access token, please log in
[2026-04-21T12:17:16.790Z] [31MERROR[39M: Invalid access token, please log in
[2026-04-21T12:17:16.840Z] [31MERROR[39M: Invalid access token, please log in
[2026-04-21T12:17:16.847Z] [31MERROR[39M: Invalid access token, please log in
[2026-04-21T12:17:16.850Z] [31MERROR[39M: Invalid access token, please log in
[2026-04-21T12:17:16.855Z] [31MERROR[39M: Invalid access token, please log in
[2026-04-21T12:17:16.865Z] [31MERROR[39M: Invalid access token, please log in
[2026-04-21T12:17:16.906Z] [31MERROR[39M: Invalid access token, please log in
[2026-04-21T12:17:16.911Z] [31MERROR[39M: Invalid access token, please log in
[2026-04-21T12:17:16.913Z] [31MERROR[39M: Invalid access token, please log in
[2026-04-21T12:17:16.915Z] [31MERROR[39M: Invalid access token, please log in
[2026-04-21T12:17:16.926Z] [31MERROR[39M: Invalid access token, please log in
[2026-04-21T12:17:16.932Z] [31MERROR[39M: Invalid access token, please log in
[2026-04-21T12:17:16.957Z] [31MERROR[39M: Invalid access token, please log in
[2026-04-21T12:17:16.961Z] [31MERROR[39M: Invalid access token, please log in
[2026-04-21T12:17:16.967Z] [31MERROR[39M: Invalid access token, please log in
[2026-04-21T12:17:16.981Z] [31MERROR[39M: Invalid access token, please log in
[2026-04-21T12:17:17.008Z] [31MERROR[39M: Invalid access token, please log in
[2026-04-21T12:17:17.040Z] [31MERROR[39M: Invalid access token, please log in
[2026-04-21T12:17:17.067Z] [31MERROR[39M: Invalid access token, please log in
[2026-04-21T12:17:17.070Z] [31MERROR[39M: Invalid access token, please log in
[2026-04-21T12:17:17.092Z] [31MERROR[39M: Invalid access token, please log in
[2026-04-21T12:17:17.104Z] [31MERROR[39M: Invalid access token, please log in
[2026-04-21T12:17:17.120Z] [31MERROR[39M: Invalid access token, please log in
[2026-04-21T12:17:17.147Z] [31MERROR[39M: Invalid access token, please log in
[2026-04-21T12:17:17.150Z] [31MERROR[39M: Invalid access token, please log in
[2026-04-21T12:17:17.167Z] [31MERROR[39M: Invalid access token, please log in
[2026-04-21T12:17:17.180Z] [31MERROR[39M: Invalid access token, please log in
[2026-04-21T12:17:17.196Z] [31MERROR[39M: Invalid access token, please log in
[2026-04-21T12:17:17.215Z] [31MERROR[39M: Invalid access token, please log in
[2026-04-21T12:17:17.217Z] [31MERROR[39M: Invalid access token, please log in
[2026-04-21T12:17:17.231Z] [31MERROR[39M: Invalid access token, please log in
[2026-04-21T12:17:17.242Z] [31MERROR[39M: Invalid access token, please log in
[2026-04-21T12:17:17.253Z] [31MERROR[39M: Invalid access token, please log in
[2026-04-21T12:17:17.270Z] [31MERROR[39M: Invalid access token, please log in
[2026-04-21T12:17:17.280Z] [31MERROR[39M: Invalid access token, please log in
[2026-04-21T12:17:17.292Z] [31MERROR[39M: Invalid access token, please log in
[2026-04-21T12:17:17.303Z] [31MERROR[39M: Invalid access token, please log in
[2026-04-21T12:17:17.318Z] [31MERROR[39M: Invalid access token, please log in
[2026-04-21T12:17:17.333Z] [31MERROR[39M: Invalid access token, please log in
[2026-04-21T12:17:17.336Z] [31MERROR[39M: Invalid access token, please log in
[2026-04-21T12:17:17.349Z] [31MERROR[39M: Invalid access token, please log in
[2026-04-21T12:17:17.359Z] [31MERROR[39M: Invalid access token, please log in
[2026-04-21T12:17:17.381Z] [31MERROR[39M: Invalid access token, please log in
[2026-04-21T12:17:17.397Z] [31MERROR[39M: Invalid access token, please log in
[2026-04-21T12:17:17.399Z] [31MERROR[39M: Invalid access token, please log in
[2026-04-21T12:17:17.411Z] [31MERROR[39M: Invalid access token, please log in
[2026-04-21T12:17:17.421Z] [31MERROR[39M: Invalid access token, please log in
[2026-04-21T12:17:17.432Z] [31MERROR[39M: Invalid access token, please log in
[2026-04-21T12:17:17.444Z] [31MERROR[39M: Invalid access token, please log in
[2026-04-21T12:17:17.446Z] [31MERROR[39M: Invalid access token, please log in
[2026-04-21T12:32:26.486Z] [31MERROR[39M: Invalid access token, please log in
[2026-04-21T12:47:34.726Z] [31MERROR[39M: Invalid access token, please log in
[2026-04-23T20:43:42.882Z] [31MERROR[39M: Invalid access token, please log in
[2026-04-23T20:43:43.134Z] [31MERROR[39M: Your session has expired, please login again.
[2026-04-23T20:57:30.665Z] [31MERROR[39M: Invalid access token, please log in
[2026-04-23T20:57:30.811Z] [31MERROR[39M: Your session has expired, please login again.
[2026-04-23T20:59:37.320Z] [31MERROR[39M: Invalid access token, please log in
[2026-04-23T20:59:37.368Z] [31MERROR[39M: Your session has expired, please login again.
[2026-04-23T21:00:28.055Z] [31MERROR[39M: Invalid access token, please log in
[2026-04-23T21:00:28.085Z] [31MERROR[39M: Your session has expired, please login again.
[2026-04-23T21:01:23.726Z] [31MERROR[39M: Email or password is incorrect.
[2026-04-23T21:01:33.025Z] [31MERROR[39M: Email or password is incorrect.
[2026-04-23T21:04:58.233Z] [31MERROR[39M: Email or password is incorrect.
[2026-04-23T22:57:28.057Z] [31MERROR[39M: Invalid access token, please log in
[2026-04-23T23:12:50.960Z] [31MERROR[39M: Invalid access token, please log in
[2026-04-23T23:12:50.968Z] [31MERROR[39M: Invalid access token, please log in
[2026-04-23T23:12:50.993Z] [31MERROR[39M: Invalid access token, please log in
[2026-04-23T23:12:50.994Z] [31MERROR[39M: Invalid access token, please log in
[2026-04-23T23:12:51.000Z] [31MERROR[39M: Invalid access token, please log in
[2026-04-23T23:12:51.003Z] [31MERROR[39M: Invalid access token, please log in
[2026-04-23T23:12:51.023Z] [31MERROR[39M: Invalid access token, please log in
[2026-04-23T23:12:51.049Z] [31MERROR[39M: Invalid access token, please log in
[2026-04-23T23:12:51.059Z] [31MERROR[39M: Invalid access token, please log in
[2026-04-23T23:12:51.063Z] [31MERROR[39M: Invalid access token, please log in
[2026-04-23T23:12:51.071Z] [31MERROR[39M: Invalid access token, please log in
[2026-04-23T23:12:51.096Z] [31MERROR[39M: Invalid access token, please log in
[2026-04-23T23:12:51.127Z] [31MERROR[39M: Invalid access token, please log in
[2026-04-23T23:12:51.129Z] [31MERROR[39M: Invalid access token, please log in
[2026-04-23T23:12:51.145Z] [31MERROR[39M: Invalid access token, please log in
[2026-04-23T23:12:51.146Z] [31MERROR[39M: Invalid access token, please log in
[2026-04-23T23:12:51.161Z] [31MERROR[39M: Invalid access token, please log in
[2026-04-23T23:12:51.179Z] [31MERROR[39M: Invalid access token, please log in
[2026-04-23T23:12:51.190Z] [31MERROR[39M: Invalid access token, please log in
[2026-04-23T23:12:51.196Z] [31MERROR[39M: Invalid access token, please log in
[2026-04-23T23:12:51.217Z] [31MERROR[39M: Invalid access token, please log in
[2026-04-23T23:12:51.251Z] [31MERROR[39M: Invalid access token, please log in
[2026-04-23T23:12:51.253Z] [31MERROR[39M: Invalid access token, please log in
[2026-04-23T23:12:51.256Z] [31MERROR[39M: Invalid access token, please log in
[2026-04-23T23:12:51.259Z] [31MERROR[39M: Invalid access token, please log in
[2026-04-23T23:12:51.270Z] [31MERROR[39M: Invalid access token, please log in
[2026-04-23T23:12:51.275Z] [31MERROR[39M: Invalid access token, please log in
[2026-04-23T23:12:51.289Z] [31MERROR[39M: Invalid access token, please log in
[2026-04-23T23:12:51.294Z] [31MERROR[39M: Invalid access token, please log in
[2026-04-23T23:12:51.310Z] [31MERROR[39M: Invalid access token, please log in
[2026-04-23T23:12:51.312Z] [31MERROR[39M: Invalid access token, please log in
[2026-04-23T23:12:51.326Z] [31MERROR[39M: Invalid access token, please log in
[2026-04-23T23:12:51.343Z] [31MERROR[39M: Invalid access token, please log in
[2026-04-23T23:12:51.363Z] [31MERROR[39M: Invalid access token, please log in
[2026-04-23T23:12:51.391Z] [31MERROR[39M: Invalid access token, please log in
[2026-04-23T23:12:51.394Z] [31MERROR[39M: Invalid access token, please log in
[2026-04-23T23:12:51.411Z] [31MERROR[39M: Invalid access token, please log in
[2026-04-23T23:12:51.423Z] [31MERROR[39M: Invalid access token, please log in
[2026-04-23T23:12:51.437Z] [31MERROR[39M: Invalid access token, please log in
[2026-04-23T23:12:51.452Z] [31MERROR[39M: Invalid access token, please log in
[2026-04-23T23:12:51.455Z] [31MERROR[39M: Invalid access token, please log in
[2026-04-23T23:12:51.472Z] [31MERROR[39M: Invalid access token, please log in
[2026-04-23T23:12:51.483Z] [31MERROR[39M: Invalid access token, please log in
[2026-04-23T23:12:51.496Z] [31MERROR[39M: Invalid access token, please log in
[2026-04-23T23:12:51.512Z] [31MERROR[39M: Invalid access token, please log in
[2026-04-23T23:12:51.517Z] [31MERROR[39M: Invalid access token, please log in
[2026-04-23T23:12:51.530Z] [31MERROR[39M: Invalid access token, please log in
[2026-04-23T23:12:51.543Z] [31MERROR[39M: Invalid access token, please log in
[2026-04-23T23:12:51.556Z] [31MERROR[39M: Invalid access token, please log in
[2026-04-23T23:12:51.570Z] [31MERROR[39M: Invalid access token, please log in
[2026-04-23T23:12:51.572Z] [31MERROR[39M: Invalid access token, please log in
[2026-04-23T23:12:51.581Z] [31MERROR[39M: Invalid access token, please log in
[2026-04-23T23:12:51.591Z] [31MERROR[39M: Invalid access token, please log in
[2026-04-23T23:12:51.611Z] [31MERROR[39M: Invalid access token, please log in
[2026-04-23T23:12:51.640Z] [31MERROR[39M: Invalid access token, please log in
[2026-04-23T23:12:51.661Z] [31MERROR[39M: Invalid access token, please log in
[2026-04-23T23:28:01.359Z] [31MERROR[39M: Invalid access token, please log in
[2026-04-23T23:28:01.407Z] [31MERROR[39M: Invalid access token, please log in
[2026-04-23T23:28:01.413Z] [31MERROR[39M: Invalid access token, please log in
[2026-04-23T23:28:01.421Z] [31MERROR[39M: Invalid access token, please log in
[2026-04-23T23:28:01.424Z] [31MERROR[39M: Invalid access token, please log in
[2026-04-23T23:28:01.430Z] [31MERROR[39M: Invalid access token, please log in
[2026-04-23T23:28:01.493Z] [31MERROR[39M: Invalid access token, please log in
[2026-04-23T23:28:01.503Z] [31MERROR[39M: Invalid access token, please log in
[2026-04-23T23:28:01.507Z] [31MERROR[39M: Invalid access token, please log in
[2026-04-23T23:28:01.509Z] [31MERROR[39M: Invalid access token, please log in
[2026-04-23T23:28:01.530Z] [31MERROR[39M: Invalid access token, please log in
[2026-04-23T23:28:01.535Z] [31MERROR[39M: Invalid access token, please log in
[2026-04-23T23:28:01.577Z] [31MERROR[39M: Invalid access token, please log in
[2026-04-23T23:28:01.579Z] [31MERROR[39M: Invalid access token, please log in
[2026-04-23T23:28:01.585Z] [31MERROR[39M: Invalid access token, please log in
[2026-04-23T23:28:01.589Z] [31MERROR[39M: Invalid access token, please log in
[2026-04-23T23:28:01.607Z] [31MERROR[39M: Invalid access token, please log in
[2026-04-23T23:28:01.609Z] [31MERROR[39M: Invalid access token, please log in
[2026-04-23T23:28:01.654Z] [31MERROR[39M: Invalid access token, please log in
[2026-04-23T23:28:01.656Z] [31MERROR[39M: Invalid access token, please log in
[2026-04-23T23:28:01.659Z] [31MERROR[39M: Invalid access token, please log in
[2026-04-23T23:28:01.678Z] [31MERROR[39M: Invalid access token, please log in
[2026-04-23T23:28:01.681Z] [31MERROR[39M: Invalid access token, please log in
[2026-04-23T23:28:01.693Z] [31MERROR[39M: Invalid access token, please log in
[2026-04-23T23:28:01.723Z] [31MERROR[39M: Invalid access token, please log in
[2026-04-23T23:28:01.727Z] [31MERROR[39M: Invalid access token, please log in
[2026-04-23T23:28:01.747Z] [31MERROR[39M: Invalid access token, please log in
[2026-04-23T23:28:01.759Z] [31MERROR[39M: Invalid access token, please log in
[2026-04-23T23:28:01.776Z] [31MERROR[39M: Invalid access token, please log in
[2026-04-23T23:28:01.788Z] [31MERROR[39M: Invalid access token, please log in
[2026-04-23T23:28:01.804Z] [31MERROR[39M: Invalid access token, please log in
[2026-04-23T23:28:01.821Z] [31MERROR[39M: Invalid access token, please log in
[2026-04-23T23:28:01.823Z] [31MERROR[39M: Invalid access token, please log in
[2026-04-23T23:28:01.836Z] [31MERROR[39M: Invalid access token, please log in
[2026-04-23T23:28:01.847Z] [31MERROR[39M: Invalid access token, please log in
[2026-04-23T23:28:01.859Z] [31MERROR[39M: Invalid access token, please log in
[2026-04-23T23:28:01.877Z] [31MERROR[39M: Invalid access token, please log in
[2026-04-23T23:28:01.880Z] [31MERROR[39M: Invalid access token, please log in
[2026-04-23T23:28:01.890Z] [31MERROR[39M: Invalid access token, please log in
[2026-04-23T23:28:01.901Z] [31MERROR[39M: Invalid access token, please log in
[2026-04-23T23:28:01.913Z] [31MERROR[39M: Invalid access token, please log in
[2026-04-23T23:28:01.927Z] [31MERROR[39M: Invalid access token, please log in
[2026-04-23T23:28:01.931Z] [31MERROR[39M: Invalid access token, please log in
[2026-04-23T23:28:01.943Z] [31MERROR[39M: Invalid access token, please log in
[2026-04-23T23:28:01.954Z] [31MERROR[39M: Invalid access token, please log in
[2026-04-23T23:28:01.964Z] [31MERROR[39M: Invalid access token, please log in
[2026-04-23T23:28:01.981Z] [31MERROR[39M: Invalid access token, please log in
[2026-04-23T23:28:01.987Z] [31MERROR[39M: Invalid access token, please log in
[2026-04-23T23:28:01.996Z] [31MERROR[39M: Invalid access token, please log in
[2026-04-23T23:28:02.005Z] [31MERROR[39M: Invalid access token, please log in
[2026-04-23T23:28:02.014Z] [31MERROR[39M: Invalid access token, please log in
[2026-04-23T23:28:02.029Z] [31MERROR[39M: Invalid access token, please log in
[2026-04-23T23:28:02.034Z] [31MERROR[39M: Invalid access token, please log in
[2026-04-23T23:28:02.045Z] [31MERROR[39M: Invalid access token, please log in
[2026-04-23T23:28:02.057Z] [31MERROR[39M: Invalid access token, please log in
[2026-04-23T23:28:02.069Z] [31MERROR[39M: Invalid access token, please log in
[2026-04-23T23:35:28.779Z] [31MERROR[39M: Unauthorized, please log in
[2026-04-23T23:35:28.847Z] [31MERROR[39M: Refresh token not found
[2026-04-25T15:01:38.887Z] [31MERROR[39M: Invalid access token, please log in
[2026-04-25T15:01:39.205Z] [31MERROR[39M: Your session has expired, please login again.
[2026-04-25T15:01:39.588Z] [31MERROR[39M: Invalid access token, please log in
[2026-04-25T15:01:39.873Z] [31MERROR[39M: Your session has expired, please login again.
[2026-04-25T15:01:50.440Z] [31MERROR[39M: Invalid access token, please log in
[2026-04-25T15:01:50.558Z] [31MERROR[39M: Your session has expired, please login again.
[2026-04-25T15:01:56.033Z] [31MERROR[39M: Invalid access token, please log in
[2026-04-25T15:01:56.073Z] [31MERROR[39M: Your session has expired, please login again.
[2026-04-25T15:01:58.591Z] [31MERROR[39M: Invalid access token, please log in
[2026-04-25T15:01:58.689Z] [31MERROR[39M: Your session has expired, please login again.
[2026-04-25T15:02:08.088Z] [31MERROR[39M: Invalid access token, please log in
[2026-04-25T15:02:08.130Z] [31MERROR[39M: Your session has expired, please login again.
[2026-04-25T17:02:08.422Z] [31MERROR[39M: Invalid access token, please log in
[2026-04-25T17:02:08.630Z] [31MERROR[39M: Your session has expired, please login again.
[2026-04-25T17:02:08.710Z] [31MERROR[39M: Invalid access token, please log in
[2026-04-25T17:02:08.756Z] [31MERROR[39M: Your session has expired, please login again.
[2026-04-25T17:08:35.938Z] [31MERROR[39M: Invalid access token, please log in
[2026-04-25T17:08:36.061Z] [31MERROR[39M: Your session has expired, please login again.
[2026-04-25T17:15:31.491Z] [31MERROR[39M: Invalid access token, please log in
[2026-04-25T17:15:32.000Z] [31MERROR[39M: Your session has expired, please login again.
[2026-04-25T23:40:42.329Z] [31MERROR[39M: Invalid access token, please log in
[2026-04-25T23:46:33.498Z] [31MERROR[39M: Unauthorized, please log in
[2026-04-25T23:46:33.614Z] [31MERROR[39M: Refresh token not found
[2026-04-26T00:09:31.745Z] [31MERROR[39M: Unauthorized, please log in
[2026-04-26T00:09:31.856Z] [31MERROR[39M: Refresh token not found
[2026-04-26T00:27:27.164Z] [31MERROR[39M: Prisma error: 
Invalid `prisma.user.findUnique()` invocation in
D:\New folder\ss-ecommerce\src\server\src\modules\auth\auth.repository.ts:7:24

  4 
  5 export class AuthRepository {
  6   async findUserByEmail(email: string) {
→ 7     return prisma.user.findUnique(
The column `User.emailVerified` does not exist in the current database.
[2026-04-26T00:29:37.902Z] [31MERROR[39M: We couldn't send the verification email. Please try again.
[2026-04-26T00:29:56.086Z] [31MERROR[39M: Unauthorized, please log in
[2026-04-26T00:29:56.315Z] [31MERROR[39M: Refresh token not found
[2026-04-26T00:30:14.304Z] [31MERROR[39M: We couldn't send the verification email. Please try again.
[2026-04-26T00:36:54.439Z] [31MERROR[39M: Email service is not configured. Set EMAIL_USER and EMAIL_PASS in src/server/.env.
[2026-04-26T02:19:55.633Z] [31MERROR[39M: Email service is not configured. Set EMAIL_USER and EMAIL_PASS in src/server/.env.
[2026-04-26T02:20:07.356Z] [31MERROR[39M: Unauthorized, please log in
[2026-04-26T02:20:07.402Z] [31MERROR[39M: Refresh token not found
[2026-04-26T02:20:57.521Z] [31MERROR[39M: Email service is not configured. Set EMAIL_USER and EMAIL_PASS in src/server/.env.
[2026-04-26T14:41:03.874Z] [31MERROR[39M: Unauthorized, please log in
[2026-04-26T14:41:04.248Z] [31MERROR[39M: Refresh token not found
[2026-04-26T14:43:37.484Z] [31MERROR[39M: Please verify your email before signing in.
[2026-04-26T14:50:19.286Z] [31MERROR[39M: Unauthorized, please log in
[2026-04-26T14:50:19.337Z] [31MERROR[39M: Refresh token not found
[2026-04-26T14:55:52.496Z] [31MERROR[39M: Only images are allowed
[2026-04-26T15:03:02.926Z] [31MERROR[39M: Invalid access token, please log in
[2026-04-26T15:03:03.010Z] [31MERROR[39M: Invalid access token, please log in
[2026-04-26T15:03:03.027Z] [31MERROR[39M: Invalid access token, please log in
[2026-04-26T15:03:03.042Z] [31MERROR[39M: Invalid access token, please log in
[2026-04-26T15:03:03.090Z] [31MERROR[39M: Invalid access token, please log in
[2026-04-26T15:03:03.102Z] [31MERROR[39M: Invalid access token, please log in
[2026-04-26T15:03:03.154Z] [31MERROR[39M: Invalid access token, please log in
[2026-04-26T15:03:03.193Z] [31MERROR[39M: Invalid access token, please log in
[2026-04-26T15:03:03.205Z] [31MERROR[39M: Invalid access token, please log in
[2026-04-26T15:03:03.243Z] [31MERROR[39M: Invalid access token, please log in
[2026-04-26T15:03:03.252Z] [31MERROR[39M: Invalid access token, please log in
[2026-04-26T15:03:03.293Z] [31MERROR[39M: Invalid access token, please log in
[2026-04-26T15:03:03.303Z] [31MERROR[39M: Invalid access token, please log in
[2026-04-26T15:03:03.337Z] [31MERROR[39M: Invalid access token, please log in
[2026-04-26T15:03:03.347Z] [31MERROR[39M: Invalid access token, please log in
[2026-04-26T15:03:03.372Z] [31MERROR[39M: Invalid access token, please log in
[2026-04-26T15:03:03.409Z] [31MERROR[39M: Invalid access token, please log in
[2026-04-26T15:03:03.448Z] [31MERROR[39M: Invalid access token, please log in
[2026-04-26T15:03:03.496Z] [31MERROR[39M: Invalid access token, please log in
[2026-04-26T15:03:03.505Z] [31MERROR[39M: Invalid access token, please log in
[2026-04-26T15:03:03.531Z] [31MERROR[39M: Invalid access token, please log in
[2026-04-26T15:03:03.553Z] [31MERROR[39M: Invalid access token, please log in
[2026-04-26T15:03:03.570Z] [31MERROR[39M: Invalid access token, please log in
[2026-04-26T15:03:03.604Z] [31MERROR[39M: Invalid access token, please log in
[2026-04-26T15:03:03.609Z] [31MERROR[39M: Invalid access token, please log in
[2026-04-26T15:03:03.633Z] [31MERROR[39M: Invalid access token, please log in
[2026-04-26T15:03:03.654Z] [31MERROR[39M: Invalid access token, please log in
[2026-04-26T15:03:03.674Z] [31MERROR[39M: Invalid access token, please log in
[2026-04-26T15:03:03.701Z] [31MERROR[39M: Invalid access token, please log in
[2026-04-26T15:03:03.704Z] [31MERROR[39M: Invalid access token, please log in
[2026-04-26T15:03:03.717Z] [31MERROR[39M: Invalid access token, please log in
[2026-04-26T15:03:03.736Z] [31MERROR[39M: Invalid access token, please log in
[2026-04-26T15:03:03.753Z] [31MERROR[39M: Invalid access token, please log in
[2026-04-26T15:03:03.772Z] [31MERROR[39M: Invalid access token, please log in
[2026-04-26T15:03:03.775Z] [31MERROR[39M: Invalid access token, please log in
[2026-04-26T15:03:03.791Z] [31MERROR[39M: Invalid access token, please log in
[2026-04-26T15:03:03.805Z] [31MERROR[39M: Invalid access token, please log in
[2026-04-26T15:03:03.825Z] [31MERROR[39M: Invalid access token, please log in
[2026-04-26T15:03:03.854Z] [31MERROR[39M: Invalid access token, please log in
[2026-04-26T15:03:03.861Z] [31MERROR[39M: Invalid access token, please log in
[2026-04-26T15:03:03.885Z] [31MERROR[39M: Invalid access token, please log in
[2026-04-26T15:03:03.902Z] [31MERROR[39M: Invalid access token, please log in
[2026-04-26T15:03:03.925Z] [31MERROR[39M: Invalid access token, please log in
[2026-04-26T15:03:03.930Z] [31MERROR[39M: Invalid access token, please log in
[2026-04-26T15:03:03.949Z] [31MERROR[39M: Invalid access token, please log in
[2026-04-26T15:03:03.964Z] [31MERROR[39M: Invalid access token, please log in
[2026-04-26T15:03:03.980Z] [31MERROR[39M: Invalid access token, please log in
[2026-04-26T15:03:04.001Z] [31MERROR[39M: Invalid access token, please log in
[2026-04-26T15:03:04.006Z] [31MERROR[39M: Invalid access token, please log in
[2026-04-26T15:03:04.018Z] [31MERROR[39M: Invalid access token, please log in
[2026-04-26T15:03:04.032Z] [31MERROR[39M: Invalid access token, please log in
[2026-04-26T15:03:04.047Z] [31MERROR[39M: Invalid access token, please log in
[2026-04-26T15:03:04.067Z] [31MERROR[39M: Invalid access token, please log in
[2026-04-26T15:03:04.071Z] [31MERROR[39M: Invalid access token, please log in
[2026-04-26T15:03:04.086Z] [31MERROR[39M: Invalid access token, please log in
[2026-04-26T15:03:04.099Z] [31MERROR[39M: Invalid access token, please log in
[2026-04-26T15:28:35.963Z] [31MERROR[39M: Invalid access token, please log in
[2026-04-26T15:32:34.917Z] [31MERROR[39M: Invalid access token, please log in
[2026-04-26T15:55:17.406Z] [31MERROR[39M: Invalid access token, please log in
[2026-04-26T15:55:45.330Z] [31MERROR[39M: Invalid access token, please log in
[2026-04-26T16:12:49.746Z] [31MERROR[39M: Invalid access token, please log in
[2026-04-26T16:13:10.548Z] [31MERROR[39M: Invalid access token, please log in
[2026-04-26T16:31:53.480Z] [31MERROR[39M: Invalid access token, please log in
[2026-04-26T17:59:07.436Z] [31MERROR[39M: Invalid access token, please log in
[2026-04-26T17:59:07.659Z] [31MERROR[39M: Prisma error: 
Invalid `prisma.user.findUnique()` invocation in
D:\New folder\ss-ecommerce\src\server\src\modules\auth\auth.repository.ts:30:24

  27 }
  28 
  29 async findUserById(id: string) {
→ 30   return prisma.user.findUnique(
The column `User.newsletterSubscribed` does not exist in the current database.
[2026-04-26T17:59:54.259Z] [31MERROR[39M: Invalid access token, please log in
[2026-04-26T17:59:54.326Z] [31MERROR[39M: Prisma error: 
Invalid `prisma.user.findUnique()` invocation in
D:\New folder\ss-ecommerce\src\server\src\modules\auth\auth.repository.ts:30:24

  27 }
  28 
  29 async findUserById(id: string) {
→ 30   return prisma.user.findUnique(
The column `User.newsletterSubscribed` does not exist in the current database.
[2026-04-26T18:00:02.509Z] [31MERROR[39M: Invalid access token, please log in
[2026-04-26T18:00:02.577Z] [31MERROR[39M: Prisma error: 
Invalid `prisma.user.findUnique()` invocation in
D:\New folder\ss-ecommerce\src\server\src\modules\auth\auth.repository.ts:30:24

  27 }
  28 
  29 async findUserById(id: string) {
→ 30   return prisma.user.findUnique(
The column `User.newsletterSubscribed` does not exist in the current database.
[2026-04-26T18:00:25.868Z] [31MERROR[39M: Prisma error: 
Invalid `prisma.user.findUnique()` invocation in
D:\New folder\ss-ecommerce\src\server\src\modules\auth\auth.repository.ts:13:24

  10 }
  11 
  12 async findUserByEmailWithPassword(email: string) {
→ 13   return prisma.user.findUnique(
The column `User.newsletterSubscribed` does not exist in the current database.
[2026-04-26T18:02:50.018Z] [31MERROR[39M: Unauthorized, please log in
[2026-04-26T18:02:50.066Z] [31MERROR[39M: Refresh token not found
[2026-04-26T18:03:35.762Z] [31MERROR[39M: Email or password is incorrect.
[2026-04-26T18:03:45.978Z] [31MERROR[39M: Email or password is incorrect.
[2026-04-26T18:03:53.126Z] [31MERROR[39M: Email or password is incorrect.
[2026-04-26T22:07:19.218Z] [31MERROR[39M: Unauthorized, please log in
[2026-04-26T22:07:19.395Z] [31MERROR[39M: Refresh token not found
[2026-04-26T23:24:23.046Z] [31MERROR[39M: Invalid access token, please log in
[2026-04-26T23:25:14.340Z] [31MERROR[39M: Unauthorized, please log in
[2026-04-26T23:25:14.390Z] [31MERROR[39M: Refresh token not found
[2026-04-26T23:46:55.958Z] [31MERROR[39M: Unauthorized, please log in
[2026-04-26T23:46:56.105Z] [31MERROR[39M: Refresh token not found
[2026-04-27T00:03:07.997Z] [31MERROR[39M: Invalid access token, please log in
[2026-04-27T00:03:13.139Z] [31MERROR[39M: Failed to upload profile image
[2026-04-27T00:37:18.498Z] [31MERROR[39M: Invalid access token, please log in
